<html>
<body>
<pre>
<h1>µVision Build Log</h1>
<h2>Tool Versions:</h2>
IDE-Version: µVision V5.24.2.0
Copyright (C) 2017 ARM Ltd and ARM Germany GmbH. All rights reserved.
License Information: support GEGI UdeS Flex license: MDK-ARM Professional: 100 user(s) (mdk_pro) Operation stops: 1 Mar 2018
 
Tool Versions:
Toolchain:       MDK-ARM Professional: 100 user(s)  Version: 5.24.1
Toolchain Path:  C:\Keil_v5\ARM\ARMCC\Bin
C Compiler:      Armcc.exe V5.06 update 5 (build 528)
Assembler:       Armasm.exe V5.06 update 5 (build 528)
Linker/Locator:  ArmLink.exe V5.06 update 5 (build 528)
Library Manager: ArmAr.exe V5.06 update 5 (build 528)
Hex Converter:   FromElf.exe V5.06 update 5 (build 528)
CPU DLL:         SARMCM3.DLL V5.24.1
Dialog DLL:      TCM.DLL V1.32.0.0
Target DLL:      CMSIS_AGDI.dll V1.28.3.0
Dialog DLL:      TCM.DLL V1.32.0.0
 
<h2>Project:</h2>
C:\Users\garp2405\Documents\s5_app1\mbed_spi\mbed_spi.uvprojx
Project File Date:  01/15/2018

<h2>Output:</h2>
*** Using Compiler 'V5.06 update 5 (build 528)', folder: 'C:\Keil_v5\ARM\ARMCC\Bin'
Build target 'mbed_blinky'
compiling main.cpp...
main.cpp(41): warning:  #177-D: variable "y_result"  was declared but never referenced
  		int8_t y_result = result[2] / 10;
main.cpp(42): warning:  #177-D: variable "z_result"  was declared but never referenced
  		int8_t z_result = result[4] / 10;
main.cpp(15): warning:  #177-D: variable "x_lsb"  was declared but never referenced
  	const char x_lsb[1] = {0x02};
main.cpp(16): warning:  #177-D: variable "y_msb"  was declared but never referenced
  	const char y_msb[1] = {0x03};
main.cpp(17): warning:  #177-D: variable "y_lsb"  was declared but never referenced
  	const char y_lsb[1] = {0x04};
main.cpp(18): warning:  #177-D: variable "z_msb"  was declared but never referenced
  	const char z_msb[1] = {0x05};
main.cpp(19): warning:  #177-D: variable "z_lsb"  was declared but never referenced
  	const char z_lsb[1] = {0x06};
main.cpp: 7 warnings, 0 errors
linking...
Program Size: Code=20700 RO-data=2196 RW-data=104 ZI-data=888  
FromELF: creating hex file...
".\BUILD\mbed_blinky.axf" - 0 Error(s), 7 Warning(s).

<h2>Software Packages used:</h2>

Package Vendor: Keil
                http://www.keil.com/pack/Keil.LPC1700_DFP.2.4.0.pack
                Keil.LPC1700_DFP.2.4.0
                NXP LPC1700 Series Device Support, Drivers and Examples for MCB1700 and LPC1788-32

<h2>Collection of Component include folders:</h2>
  .\RTE\_mbed_blinky
  C:\Keil_v5\ARM\PACK\Keil\LPC1700_DFP\2.4.0\Device\Include

<h2>Collection of Component Files used:</h2>
Build Time Elapsed:  00:00:01
</pre>
</body>
</html>
